../WS2812B/ws2812b.c:38:11:LED_AddNewPort	24	static
../WS2812B/ws2812b.c:62:6:LED_DeletePort	8	static
../WS2812B/ws2812b.c:68:6:LED_DeviceUpdate	24	static
../WS2812B/ws2812b.c:93:6:LED_DeviceWaitUpdate	28	static
../WS2812B/ws2812b.c:148:14:LED_CreateDevice	48	static
../WS2812B/ws2812b.c:210:6:LED_DeleteDevice	8	static
../WS2812B/ws2812b.c:220:6:LED_StartDevice	48	static
../WS2812B/ws2812b.c:266:6:LED_StopDevice	32	static
../WS2812B/ws2812b.c:300:6:LED_SetBright	0	static
../WS2812B/ws2812b.c:305:9:LED_GetBright	0	static
../WS2812B/ws2812b.c:310:6:LED_SetPixelByIdRGB	12	static
../WS2812B/ws2812b.c:321:6:LED_SetPixelByIdHSV	40	static
../WS2812B/ws2812b.c:371:6:LED_FillColor	16	static
../WS2812B/ws2812b.c:379:10:LED_GetPixelById	0	static
../WS2812B/ws2812b.c:390:10:LED_GetPixelByXY	16	static
../WS2812B/ws2812b.c:397:6:LED_SetPixelByXY	20	static
../WS2812B/ws2812b.c:404:6:LED_SetPixelByXY_HSV	40	static
../WS2812B/ws2812b.c:411:5:LED_GetIdByXY	12	static
../WS2812B/ws2812b.c:480:6:LED_Callback	24	static
../WS2812B/ws2812b.c:558:6:LED_DrawImage	56	static
../WS2812B/ws2812b.c:568:6:LED_DrawFilledRectangle	56	static
