../WS2812B/ws2812b.c:24:11:LED_AddNewPort	24	static
../WS2812B/ws2812b.c:48:6:LED_DeletePort	8	static
../WS2812B/ws2812b.c:54:6:LED_DeviceUpdate	24	static
../WS2812B/ws2812b.c:79:6:LED_DeviceWaitUpdate	28	static
../WS2812B/ws2812b.c:134:14:LED_CreateDevice	48	static
../WS2812B/ws2812b.c:196:6:LED_DeleteDevice	8	static
../WS2812B/ws2812b.c:206:6:LED_StartDevice	48	static
../WS2812B/ws2812b.c:252:6:LED_StopDevice	32	static
../WS2812B/ws2812b.c:286:6:LED_SetBright	0	static
../WS2812B/ws2812b.c:291:9:LED_GetBright	0	static
../WS2812B/ws2812b.c:296:6:LED_SetPixelByIdRGB	12	static
../WS2812B/ws2812b.c:307:6:LED_SetPixelByIdHSV	40	static
../WS2812B/ws2812b.c:357:6:LED_FillColor	16	static
../WS2812B/ws2812b.c:365:10:LED_GetPixelById	0	static
../WS2812B/ws2812b.c:376:10:LED_GetPixelByXY	16	static
../WS2812B/ws2812b.c:383:6:LED_SetPixelByXY	20	static
../WS2812B/ws2812b.c:390:6:LED_SetPixelByXY_HSV	40	static
../WS2812B/ws2812b.c:397:5:LED_GetIdByXY	12	static
../WS2812B/ws2812b.c:452:6:LED_Callback	24	static
../WS2812B/ws2812b.c:521:6:LED_DrawImage	56	static
../WS2812B/ws2812b.c:531:6:LED_DrawFilledRectangle	56	static
