../Display/display.c:113:13:Display_TC_Callback	8	static
../Display/display.c:142:6:LCD_Delay	0	static
../Display/display.c:155:13:LCD_SetCS	0	static
../Display/display.c:160:13:LCD_ResCS	0	static
../Display/display.c:165:13:LCD_SetDC	0	static
../Display/display.c:170:13:LCD_ResDC	0	static
../Display/display.c:194:6:LCD_HardWareReset	12	static
../Display/display.c:304:6:LCD_String_Interpretator	48	static
../Display/display.c:205:6:LCD_ReadImage	88	static
../Display/display.c:786:6:LCD_DrawPixel.part.0	16	static
../Display/display.c:356:14:LCD_DisplayAdd	56	static
../Display/display.c:470:6:LCD_Delete	8	static
../Display/display.c:492:16:LCD_GetBackLight	0	static
../Display/display.c:498:17:LCD_GetWidth	0	static
../Display/display.c:504:17:LCD_GetHeight	0	static
../Display/display.c:511:18:LCD_GetState	0	static
../Display/display.c:520:6:LCD_SetBackLight	16	static
../Display/display.c:484:6:LCD_Init	16	static
../Display/display.c:567:6:LCD_SleepIn	8	static
../Display/display.c:599:6:LCD_SleepOut	16	static
../Display/display.c:609:6:LCD_SetActiveWindow	24	static
../Display/display.c:615:6:LCD_WriteData	16	static
../Display/display.c:653:6:LCD_WriteDataDMA	32	static
../Display/display.c:703:6:LCD_FillWindow	24	static
../Display/display.c:780:6:LCD_Fill	16	static
../Display/display.c:786:6:LCD_DrawPixel	8	static
../Display/display.c:798:6:LCD_DrawLine	48	static
../Display/display.c:861:6:LCD_DrawRectangle	32	static
../Display/display.c:870:6:LCD_DrawFilledRectangle	24	static
../Display/display.c:883:6:LCD_DrawTriangle	40	static
../Display/display.c:931:6:LCD_DrawFilledTriangle	136	static
../Display/display.c:982:6:LCD_DrawCircle	72	static
../Display/display.c:1018:6:LCD_DrawFilledCircle	64	static
../Display/display.c:1053:6:LCD_DrawImage	32	static
../Display/display.c:1073:6:LCD_WriteChar	64	static
../Display/display.c:1152:6:LCD_WriteString	56	static
../Display/display.c:1170:17:LCD_Color	8	static
../Display/display.c:1179:17:LCD_Color_24b_to_16b	12	static
