../Core/Src/stm32g0xx_it.c:105:6:NMI_Handler	0	static
../Core/Src/stm32g0xx_it.c:120:6:HardFault_Handler	0	static
../Core/Src/stm32g0xx_it.c:135:6:SVC_Handler	0	static
../Core/Src/stm32g0xx_it.c:148:6:PendSV_Handler	0	static
../Core/Src/stm32g0xx_it.c:161:6:SysTick_Handler	0	static
../Core/Src/stm32g0xx_it.c:182:6:EXTI4_15_IRQHandler	8	static
../Core/Src/stm32g0xx_it.c:237:6:DMA1_Channel1_IRQHandler	8	static
../Core/Src/stm32g0xx_it.c:251:6:DMA1_Channel2_3_IRQHandler	0	static
../Core/Src/stm32g0xx_it.c:265:6:DMA1_Ch4_5_DMAMUX1_OVR_IRQHandler	8	static
