Archive member included to satisfy reference by file (symbol)

F:/ST/STM32CubeIDE_1.1.0/STM32CubeIDE/plugins/com.st.stm32cube.ide.mcu.externaltools.gnu-tools-for-stm32.12.3.rel1.win32_1.0.100.202403111256/tools/bin/../lib/gcc/arm-none-eabi/12.3.1/../../../../arm-none-eabi/lib/thumb/v6-m/nofp\libc_nano.a(libc_a-calloc.o)
                              ./AVI/avi.o (calloc)
F:/ST/STM32CubeIDE_1.1.0/STM32CubeIDE/plugins/com.st.stm32cube.ide.mcu.externaltools.gnu-tools-for-stm32.12.3.rel1.win32_1.0.100.202403111256/tools/bin/../lib/gcc/arm-none-eabi/12.3.1/../../../../arm-none-eabi/lib/thumb/v6-m/nofp\libc_nano.a(libc_a-callocr.o)
                              F:/ST/STM32CubeIDE_1.1.0/STM32CubeIDE/plugins/com.st.stm32cube.ide.mcu.externaltools.gnu-tools-for-stm32.12.3.rel1.win32_1.0.100.202403111256/tools/bin/../lib/gcc/arm-none-eabi/12.3.1/../../../../arm-none-eabi/lib/thumb/v6-m/nofp\libc_nano.a(libc_a-calloc.o) (_calloc_r)
F:/ST/STM32CubeIDE_1.1.0/STM32CubeIDE/plugins/com.st.stm32cube.ide.mcu.externaltools.gnu-tools-for-stm32.12.3.rel1.win32_1.0.100.202403111256/tools/bin/../lib/gcc/arm-none-eabi/12.3.1/../../../../arm-none-eabi/lib/thumb/v6-m/nofp\libc_nano.a(libc_a-exit.o)
                              F:/ST/STM32CubeIDE_1.1.0/STM32CubeIDE/plugins/com.st.stm32cube.ide.mcu.externaltools.gnu-tools-for-stm32.12.3.rel1.win32_1.0.100.202403111256/tools/bin/../lib/gcc/arm-none-eabi/12.3.1/../../../../arm-none-eabi/lib/thumb/v6-m/nofp/crt0.o (exit)
F:/ST/STM32CubeIDE_1.1.0/STM32CubeIDE/plugins/com.st.stm32cube.ide.mcu.externaltools.gnu-tools-for-stm32.12.3.rel1.win32_1.0.100.202403111256/tools/bin/../lib/gcc/arm-none-eabi/12.3.1/../../../../arm-none-eabi/lib/thumb/v6-m/nofp\libc_nano.a(libc_a-malloc.o)
                              ./AVI/avi.o (malloc)
F:/ST/STM32CubeIDE_1.1.0/STM32CubeIDE/plugins/com.st.stm32cube.ide.mcu.externaltools.gnu-tools-for-stm32.12.3.rel1.win32_1.0.100.202403111256/tools/bin/../lib/gcc/arm-none-eabi/12.3.1/../../../../arm-none-eabi/lib/thumb/v6-m/nofp\libc_nano.a(libc_a-mallocr.o)
                              F:/ST/STM32CubeIDE_1.1.0/STM32CubeIDE/plugins/com.st.stm32cube.ide.mcu.externaltools.gnu-tools-for-stm32.12.3.rel1.win32_1.0.100.202403111256/tools/bin/../lib/gcc/arm-none-eabi/12.3.1/../../../../arm-none-eabi/lib/thumb/v6-m/nofp\libc_nano.a(libc_a-callocr.o) (_malloc_r)
F:/ST/STM32CubeIDE_1.1.0/STM32CubeIDE/plugins/com.st.stm32cube.ide.mcu.externaltools.gnu-tools-for-stm32.12.3.rel1.win32_1.0.100.202403111256/tools/bin/../lib/gcc/arm-none-eabi/12.3.1/../../../../arm-none-eabi/lib/thumb/v6-m/nofp\libc_nano.a(libc_a-mlock.o)
                              F:/ST/STM32CubeIDE_1.1.0/STM32CubeIDE/plugins/com.st.stm32cube.ide.mcu.externaltools.gnu-tools-for-stm32.12.3.rel1.win32_1.0.100.202403111256/tools/bin/../lib/gcc/arm-none-eabi/12.3.1/../../../../arm-none-eabi/lib/thumb/v6-m/nofp\libc_nano.a(libc_a-mallocr.o) (__malloc_lock)
F:/ST/STM32CubeIDE_1.1.0/STM32CubeIDE/plugins/com.st.stm32cube.ide.mcu.externaltools.gnu-tools-for-stm32.12.3.rel1.win32_1.0.100.202403111256/tools/bin/../lib/gcc/arm-none-eabi/12.3.1/../../../../arm-none-eabi/lib/thumb/v6-m/nofp\libc_nano.a(libc_a-realloc.o)
                              ./AVI/riff_read_header.o (realloc)
F:/ST/STM32CubeIDE_1.1.0/STM32CubeIDE/plugins/com.st.stm32cube.ide.mcu.externaltools.gnu-tools-for-stm32.12.3.rel1.win32_1.0.100.202403111256/tools/bin/../lib/gcc/arm-none-eabi/12.3.1/../../../../arm-none-eabi/lib/thumb/v6-m/nofp\libc_nano.a(libc_a-reallocr.o)
                              F:/ST/STM32CubeIDE_1.1.0/STM32CubeIDE/plugins/com.st.stm32cube.ide.mcu.externaltools.gnu-tools-for-stm32.12.3.rel1.win32_1.0.100.202403111256/tools/bin/../lib/gcc/arm-none-eabi/12.3.1/../../../../arm-none-eabi/lib/thumb/v6-m/nofp\libc_nano.a(libc_a-realloc.o) (_realloc_r)
F:/ST/STM32CubeIDE_1.1.0/STM32CubeIDE/plugins/com.st.stm32cube.ide.mcu.externaltools.gnu-tools-for-stm32.12.3.rel1.win32_1.0.100.202403111256/tools/bin/../lib/gcc/arm-none-eabi/12.3.1/../../../../arm-none-eabi/lib/thumb/v6-m/nofp\libc_nano.a(libc_a-findfp.o)
                              F:/ST/STM32CubeIDE_1.1.0/STM32CubeIDE/plugins/com.st.stm32cube.ide.mcu.externaltools.gnu-tools-for-stm32.12.3.rel1.win32_1.0.100.202403111256/tools/bin/../lib/gcc/arm-none-eabi/12.3.1/../../../../arm-none-eabi/lib/thumb/v6-m/nofp\libc_nano.a(libc_a-exit.o) (__stdio_exit_handler)
F:/ST/STM32CubeIDE_1.1.0/STM32CubeIDE/plugins/com.st.stm32cube.ide.mcu.externaltools.gnu-tools-for-stm32.12.3.rel1.win32_1.0.100.202403111256/tools/bin/../lib/gcc/arm-none-eabi/12.3.1/../../../../arm-none-eabi/lib/thumb/v6-m/nofp\libc_nano.a(libc_a-fwalk.o)
                              F:/ST/STM32CubeIDE_1.1.0/STM32CubeIDE/plugins/com.st.stm32cube.ide.mcu.externaltools.gnu-tools-for-stm32.12.3.rel1.win32_1.0.100.202403111256/tools/bin/../lib/gcc/arm-none-eabi/12.3.1/../../../../arm-none-eabi/lib/thumb/v6-m/nofp\libc_nano.a(libc_a-findfp.o) (_fwalk_sglue)
[...]
Memory Configuration

Name             Origin             Length             Attributes
RAM              0x20000000         0x00002000         xrw
FLASH            0x08000000         0x00008000         xr
*default*        0x00000000         0xffffffff

Linker script and memory map

LOAD F:/ST/STM32CubeIDE_1.1.0/STM32CubeIDE/plugins/com.st.stm32cube.ide.mcu.externaltools.gnu-tools-for-stm32.12.3.rel1.win32_1.0.100.202403111256/tools/bin/../lib/gcc/arm-none-eabi/12.3.1/thumb/v6-m/nofp/crti.o
LOAD F:/ST/STM32CubeIDE_1.1.0/STM32CubeIDE/plugins/com.st.stm32cube.ide.mcu.externaltools.gnu-tools-for-stm32.12.3.rel1.win32_1.0.100.202403111256/tools/bin/../lib/gcc/arm-none-eabi/12.3.1/thumb/v6-m/nofp/crtbegin.o
LOAD F:/ST/STM32CubeIDE_1.1.0/STM32CubeIDE/plugins/com.st.stm32cube.ide.mcu.externaltools.gnu-tools-for-stm32.12.3.rel1.win32_1.0.100.202403111256/tools/bin/../lib/gcc/arm-none-eabi/12.3.1/../../../../arm-none-eabi/lib/thumb/v6-m/nofp/crt0.o
LOAD ./AVI/avi.o
LOAD ./AVI/riff_read_header.o
LOAD ./Core/Src/main.o
LOAD ./Core/Src/stm32g0xx_it.o
LOAD ./Core/Src/syscalls.o
LOAD ./Core/Src/sysmem.o
LOAD ./Core/Src/system_stm32g0xx.o
LOAD ./Core/Startup/startup_stm32g031f8px.o
LOAD ./Display/display.o
LOAD ./Display/fonts.o
LOAD ./Display/ili9341.o
LOAD ./Display/st7789.o
LOAD ./Drivers/STM32G0xx_HAL_Driver/Src/stm32g0xx_ll_dma.o
LOAD ./Drivers/STM32G0xx_HAL_Driver/Src/stm32g0xx_ll_exti.o
LOAD ./Drivers/STM32G0xx_HAL_Driver/Src/stm32g0xx_ll_gpio.o
LOAD ./Drivers/STM32G0xx_HAL_Driver/Src/stm32g0xx_ll_pwr.o
LOAD ./Drivers/STM32G0xx_HAL_Driver/Src/stm32g0xx_ll_rcc.o
LOAD ./Drivers/STM32G0xx_HAL_Driver/Src/stm32g0xx_ll_spi.o
LOAD ./Drivers/STM32G0xx_HAL_Driver/Src/stm32g0xx_ll_tim.o
LOAD ./Drivers/STM32G0xx_HAL_Driver/Src/stm32g0xx_ll_utils.o
LOAD ./Encoder/encoder.o
LOAD ./FATFS/diskio.o
LOAD ./FATFS/ff.o
LOAD ./FATFS/ffsystem.o
LOAD ./FATFS/ffunicode.o
LOAD ./FATFS/user_diskio_spi.o
LOAD ./FileManager/filemanager.o
LOAD ./FileManager/icons.o
LOAD ./Keyboard/keyboard.o
LOAD ./MyString/mystring.o
LOAD ./WS2812B/ws2812b.o
START GROUP
LOAD F:/ST/STM32CubeIDE_1.1.0/STM32CubeIDE/plugins/com.st.stm32cube.ide.mcu.externaltools.gnu-tools-for-stm32.12.3.rel1.win32_1.0.100.202403111256/tools/bin/../lib/gcc/arm-none-eabi/12.3.1/../../../../arm-none-eabi/lib/thumb/v6-m/nofp\libc_nano.a
LOAD F:/ST/STM32CubeIDE_1.1.0/STM32CubeIDE/plugins/com.st.stm32cube.ide.mcu.externaltools.gnu-tools-for-stm32.12.3.rel1.win32_1.0.100.202403111256/tools/bin/../lib/gcc/arm-none-eabi/12.3.1/../../../../arm-none-eabi/lib/thumb/v6-m/nofp\libm.a
END GROUP
START GROUP
LOAD F:/ST/STM32CubeIDE_1.1.0/STM32CubeIDE/plugins/com.st.stm32cube.ide.mcu.externaltools.gnu-tools-for-stm32.12.3.rel1.win32_1.0.100.202403111256/tools/bin/../lib/gcc/arm-none-eabi/12.3.1/thumb/v6-m/nofp\libgcc.a
LOAD F:/ST/STM32CubeIDE_1.1.0/STM32CubeIDE/plugins/com.st.stm32cube.ide.mcu.externaltools.gnu-tools-for-stm32.12.3.rel1.win32_1.0.100.202403111256/tools/bin/../lib/gcc/arm-none-eabi/12.3.1/../../../../arm-none-eabi/lib/thumb/v6-m/nofp\libc_nano.a
END GROUP
START GROUP
LOAD F:/ST/STM32CubeIDE_1.1.0/STM32CubeIDE/plugins/com.st.stm32cube.ide.mcu.externaltools.gnu-tools-for-stm32.12.3.rel1.win32_1.0.100.202403111256/tools/bin/../lib/gcc/arm-none-eabi/12.3.1/thumb/v6-m/nofp\libgcc.a
LOAD F:/ST/STM32CubeIDE_1.1.0/STM32CubeIDE/plugins/com.st.stm32cube.ide.mcu.externaltools.gnu-tools-for-stm32.12.3.rel1.win32_1.0.100.202403111256/tools/bin/../lib/gcc/arm-none-eabi/12.3.1/../../../../arm-none-eabi/lib/thumb/v6-m/nofp\libc_nano.a
LOAD F:/ST/STM32CubeIDE_1.1.0/STM32CubeIDE/plugins/com.st.stm32cube.ide.mcu.externaltools.gnu-tools-for-stm32.12.3.rel1.win32_1.0.100.202403111256/tools/bin/../lib/gcc/arm-none-eabi/12.3.1/../../../../arm-none-eabi/lib/thumb/v6-m/nofp\libnosys.a
END GROUP
START GROUP
LOAD F:/ST/STM32CubeIDE_1.1.0/STM32CubeIDE/plugins/com.st.stm32cube.ide.mcu.externaltools.gnu-tools-for-stm32.12.3.rel1.win32_1.0.100.202403111256/tools/bin/../lib/gcc/arm-none-eabi/12.3.1/thumb/v6-m/nofp\libgcc.a
LOAD F:/ST/STM32CubeIDE_1.1.0/STM32CubeIDE/plugins/com.st.stm32cube.ide.mcu.externaltools.gnu-tools-for-stm32.12.3.rel1.win32_1.0.100.202403111256/tools/bin/../lib/gcc/arm-none-eabi/12.3.1/../../../../arm-none-eabi/lib/thumb/v6-m/nofp\libc_nano.a
LOAD F:/ST/STM32CubeIDE_1.1.0/STM32CubeIDE/plugins/com.st.stm32cube.ide.mcu.externaltools.gnu-tools-for-stm32.12.3.rel1.win32_1.0.100.202403111256/tools/bin/../lib/gcc/arm-none-eabi/12.3.1/../../../../arm-none-eabi/lib/thumb/v6-m/nofp\libnosys.a
END GROUP
LOAD F:/ST/STM32CubeIDE_1.1.0/STM32CubeIDE/plugins/com.st.stm32cube.ide.mcu.externaltools.gnu-tools-for-stm32.12.3.rel1.win32_1.0.100.202403111256/tools/bin/../lib/gcc/arm-none-eabi/12.3.1/thumb/v6-m/nofp/crtend.o
LOAD F:/ST/STM32CubeIDE_1.1.0/STM32CubeIDE/plugins/com.st.stm32cube.ide.mcu.externaltools.gnu-tools-for-stm32.12.3.rel1.win32_1.0.100.202403111256/tools/bin/../lib/gcc/arm-none-eabi/12.3.1/thumb/v6-m/nofp/crtn.o
                0x20002000                        _estack = (ORIGIN (RAM) + LENGTH (RAM))
                0x00000200                        _Min_Heap_Size = 0x200
                0x00000400                        _Min_Stack_Size = 0x400

.isr_vector     0x08000000       0xbc
                0x08000000                        . = ALIGN (0x4)
 *(.isr_vector)
 .isr_vector    0x08000000       0xbc ./Core/Startup/startup_stm32g031f8px.o
                0x08000000                g_pfnVectors
                0x080000bc                        . = ALIGN (0x4)

.text           0x080000bc     0x65dc
                0x080000bc                        . = ALIGN (0x4)
 *(.text)
 .text          0x080000bc       0x48 F:/ST/STM32CubeIDE_1.1.0/STM32CubeIDE/plugins/com.st.stm32cube.ide.mcu.externaltools.gnu-tools-for-stm32.12.3.rel1.win32_1.0.100.202403111256/tools/bin/../lib/gcc/arm-none-eabi/12.3.1/thumb/v6-m/nofp/crtbegin.o
 .text          0x08000104        0xe F:/ST/STM32CubeIDE_1.1.0/STM32CubeIDE/plugins/com.st.stm32cube.ide.mcu.externaltools.gnu-tools-for-stm32.12.3.rel1.win32_1.0.100.202403111256/tools/bin/../lib/gcc/arm-none-eabi/12.3.1/../../../../arm-none-eabi/lib/thumb/v6-m/nofp\libc_nano.a(libc_a-strlen.o)
                0x08000104                strlen
 *fill*         0x08000112        0x2 
 .text          0x08000114      0x114 F:/ST/STM32CubeIDE_1.1.0/STM32CubeIDE/plugins/com.st.stm32cube.ide.mcu.externaltools.gnu-tools-for-stm32.12.3.rel1.win32_1.0.100.202403111256/tools/bin/../lib/gcc/arm-none-eabi/12.3.1/thumb/v6-m/nofp\libgcc.a(_udivsi3.o)
                0x08000114                __aeabi_uidiv
                0x08000114                __udivsi3
                0x08000220                __aeabi_uidivmod
 .text          0x08000228      0x1d4 F:/ST/STM32CubeIDE_1.1.0/STM32CubeIDE/plugins/com.st.stm32cube.ide.mcu.externaltools.gnu-tools-for-stm32.12.3.rel1.win32_1.0.100.202403111256/tools/bin/../lib/gcc/arm-none-eabi/12.3.1/thumb/v6-m/nofp\libgcc.a(_divsi3.o)
                0x08000228                __divsi3
                0x08000228                __aeabi_idiv
                0x080003f4                __aeabi_idivmod
 .text          0x080003fc        0x4 F:/ST/STM32CubeIDE_1.1.0/STM32CubeIDE/plugins/com.st.stm32cube.ide.mcu.externaltools.gnu-tools-for-stm32.12.3.rel1.win32_1.0.100.202403111256/tools/bin/../lib/gcc/arm-none-eabi/12.3.1/thumb/v6-m/nofp\libgcc.a(_dvmd_tls.o)
                0x080003fc                __aeabi_idiv0
                0x080003fc                __aeabi_ldiv0
 *(.text*)
 .text.LED_Load_BMP
                0x08000400      0x1ec ./AVI/avi.o
                0x08000400                LED_Load_BMP
 .text.PlayAVI  0x080005ec      0x254 ./AVI/avi.o
                0x080005ec                PlayAVI
 .text.Read_RIFF_Header
                0x08000840      0x254 ./AVI/riff_read_header.o
                0x08000840                Read_RIFF_Header
 .text.SystemClock_Config
                0x08000a94       0xac ./Core/Src/main.o
                0x08000a94                SystemClock_Config
 .text.startup.main
                0x08000b40      0xa8c ./Core/Src/main.o
                0x08000b40                main
 .text.NMI_Handler
                0x080015cc        0x4 ./Core/Src/stm32g0xx_it.o
                0x080015cc                NMI_Handler
 .text.HardFault_Handler
                0x080015d0        0x4 ./Core/Src/stm32g0xx_it.o
                0x080015d0                HardFault_Handler
 .text.SVC_Handler
                0x080015d4        0x4 ./Core/Src/stm32g0xx_it.o
                0x080015d4                SVC_Handler
 .text.PendSV_Handler
                0x080015d8        0x4 ./Core/Src/stm32g0xx_it.o
                0x080015d8                PendSV_Handler
 .text.SysTick_Handler
                0x080015dc       0x10 ./Core/Src/stm32g0xx_it.o
                0x080015dc                SysTick_Handler
 .text.EXTI4_15_IRQHandler
                0x080015ec      0x1f8 ./Core/Src/stm32g0xx_it.o
                0x080015ec                EXTI4_15_IRQHandler
 .text.DMA1_Channel1_IRQHandler
                0x080017e4       0x10 ./Core/Src/stm32g0xx_it.o
                0x080017e4                DMA1_Channel1_IRQHandler
 .text.DMA1_Channel2_3_IRQHandler
                0x080017f4        0x4 ./Core/Src/stm32g0xx_it.o
                0x080017f4                DMA1_Channel2_3_IRQHandler
 .text.DMA1_Ch4_5_DMAMUX1_OVR_IRQHandler
                0x080017f8       0x10 ./Core/Src/stm32g0xx_it.o
                0x080017f8                DMA1_Ch4_5_DMAMUX1_OVR_IRQHandler
 .text._sbrk    0x08001808       0x44 ./Core/Src/sysmem.o
                0x08001808                _sbrk
 .text.SystemInit
                0x0800184c        0x4 ./Core/Src/system_stm32g0xx.o
                0x0800184c                SystemInit
 .text.Reset_Handler
                0x08001850       0x50 ./Core/Startup/startup_stm32g031f8px.o
                0x08001850                Reset_Handler
 .text.Default_Handler
                0x080018a0        0x2 ./Core/Startup/startup_stm32g031f8px.o
                0x080018a0                TIM1_CC_IRQHandler
                0x080018a0                PVD_IRQHandler
                0x080018a0                I2C1_IRQHandler
                0x080018a0                LPTIM2_IRQHandler
                0x080018a0                RTC_TAMP_IRQHandler
                0x080018a0                SPI1_IRQHandler
                0x080018a0                EXTI2_3_IRQHandler
                0x080018a0                ADC1_IRQHandler
                0x080018a0                I2C2_IRQHandler
                0x080018a0                TIM17_IRQHandler
                0x080018a0                TIM16_IRQHandler
                0x080018a0                TIM3_IRQHandler
                0x080018a0                RCC_IRQHandler
                0x080018a0                Default_Handler
                0x080018a0                TIM14_IRQHandler
                0x080018a0                EXTI0_1_IRQHandler
                0x080018a0                SPI2_IRQHandler
                0x080018a0                WWDG_IRQHandler
                0x080018a0                LPUART1_IRQHandler
                0x080018a0                TIM2_IRQHandler
                0x080018a0                USART2_IRQHandler
                0x080018a0                FLASH_IRQHandler
                0x080018a0                USART1_IRQHandler
                0x080018a0                TIM1_BRK_UP_TRG_COM_IRQHandler
                0x080018a0                LPTIM1_IRQHandler
 *fill*         0x080018a2        0x2 
 .text.Display_TC_Callback
                0x080018a4       0xa4 ./Display/display.o
                0x080018a4                Display_TC_Callback
 .text.LCD_String_Interpretator
                0x08001948      0x170 ./Display/display.o
                0x08001948                LCD_String_Interpretator
 .text.LCD_DrawPixel.part.0
                0x08001ab8       0xfc ./Display/display.o
 .text.LCD_DisplayAdd
                0x08001bb4      0x1e8 ./Display/display.o
                0x08001bb4                LCD_DisplayAdd
 .text.LCD_SetBackLight
                0x08001d9c       0x94 ./Display/display.o
                0x08001d9c                LCD_SetBackLight
 .text.LCD_Init
                0x08001e30       0x5c ./Display/display.o
                0x08001e30                LCD_Init
 .text.LCD_FillWindow
                0x08001e8c      0x22c ./Display/display.o
                0x08001e8c                LCD_FillWindow
 .text.LCD_Fill
                0x080020b8       0x20 ./Display/display.o
                0x080020b8                LCD_Fill
 .text.LCD_DrawLine
                0x080020d8      0x1a8 ./Display/display.o
                0x080020d8                LCD_DrawLine
 .text.LCD_DrawRectangle
                0x08002280       0x60 ./Display/display.o
                0x08002280                LCD_DrawRectangle
 .text.LCD_DrawFilledRectangle
                0x080022e0       0x58 ./Display/display.o
                0x080022e0                LCD_DrawFilledRectangle
 .text.LCD_WriteChar
                0x08002338      0x330 ./Display/display.o
                0x08002338                LCD_WriteChar
 .text.LCD_WriteString
                0x08002668       0x88 ./Display/display.o
                0x08002668                LCD_WriteString
 .text.ST7789_Init
                0x080026f0       0x2c ./Display/st7789.o
                0x080026f0                ST7789_Init
 .text.ST7789_SetWindow
                0x0800271c       0x20 ./Display/st7789.o
                0x0800271c                ST7789_SetWindow
 .text.ST7789_SleepIn
                0x0800273c        0x8 ./Display/st7789.o
                0x0800273c                ST7789_SleepIn
 .text.ST7789_SleepOut
                0x08002744        0x8 ./Display/st7789.o
                0x08002744                ST7789_SleepOut
 .text.LL_EXTI_Init
                0x0800274c       0xbc ./Drivers/STM32G0xx_HAL_Driver/Src/stm32g0xx_ll_exti.o
                0x0800274c                LL_EXTI_Init
 .text.LL_GPIO_Init
                0x08002808      0x10c ./Drivers/STM32G0xx_HAL_Driver/Src/stm32g0xx_ll_gpio.o
                0x08002808                LL_GPIO_Init
 .text.LL_SPI_Init
                0x08002914       0x80 ./Drivers/STM32G0xx_HAL_Driver/Src/stm32g0xx_ll_spi.o
                0x08002914                LL_SPI_Init
 .text.LL_TIM_Init
                0x08002994       0x9c ./Drivers/STM32G0xx_HAL_Driver/Src/stm32g0xx_ll_tim.o
                0x08002994                LL_TIM_Init
 .text.LL_TIM_OC_Init
                0x08002a30      0x2d8 ./Drivers/STM32G0xx_HAL_Driver/Src/stm32g0xx_ll_tim.o
                0x08002a30                LL_TIM_OC_Init
 .text.LL_TIM_BDTR_Init
                0x08002d08       0x9c ./Drivers/STM32G0xx_HAL_Driver/Src/stm32g0xx_ll_tim.o
                0x08002d08                LL_TIM_BDTR_Init
 .text.LL_Init1msTick
                0x08002da4       0x20 ./Drivers/STM32G0xx_HAL_Driver/Src/stm32g0xx_ll_utils.o
                0x08002da4                LL_Init1msTick
 .text.LL_mDelay
                0x08002dc4       0x2c ./Drivers/STM32G0xx_HAL_Driver/Src/stm32g0xx_ll_utils.o
                0x08002dc4                LL_mDelay
 .text.LL_SetSystemCoreClock
                0x08002df0        0xc ./Drivers/STM32G0xx_HAL_Driver/Src/stm32g0xx_ll_utils.o
                0x08002df0                LL_SetSystemCoreClock
 .text.EncoderInit
                0x08002dfc       0x28 ./Encoder/encoder.o
                0x08002dfc                EncoderInit
 .text.EncoderUpdate
                0x08002e24      0x130 ./Encoder/encoder.o
                0x08002e24                EncoderUpdate
 .text.EncoderSetInversion
                0x08002f54        0x8 ./Encoder/encoder.o
                0x08002f54                EncoderSetInversion
 .text.disk_status
                0x08002f5c        0x8 ./FATFS/diskio.o
                0x08002f5c                disk_status
 .text.disk_initialize
                0x08002f64        0x8 ./FATFS/diskio.o
                0x08002f64                disk_initialize
 .text.disk_read
                0x08002f6c       0x18 ./FATFS/diskio.o
                0x08002f6c                disk_read
 .text.get_fileinfo
                0x08002f84      0x280 ./FATFS/ff.o
 .text.check_fs
                0x08003204      0x138 ./FATFS/ff.o
 .text.mount_volume.constprop.0
                0x0800333c      0x328 ./FATFS/ff.o
 .text.get_fat.isra.0
                0x08003664      0x128 ./FATFS/ff.o
 .text.dir_sdi.constprop.0
                0x0800378c      0x1b8 ./FATFS/ff.o
 .text.follow_path
                0x08003944      0x6c0 ./FATFS/ff.o
 .text.f_mount  0x08004004       0x64 ./FATFS/ff.o
                0x08004004                f_mount
 .text.f_open   0x08004068       0xa4 ./FATFS/ff.o
                0x08004068                f_open
 .text.f_read   0x0800410c      0x1a0 ./FATFS/ff.o
                0x0800410c                f_read
 .text.f_close  0x080042ac       0x34 ./FATFS/ff.o
                0x080042ac                f_close
 .text.f_lseek  0x080042e0      0x27c ./FATFS/ff.o
                0x080042e0                f_lseek
 .text.f_opendir
                0x0800455c       0x80 ./FATFS/ff.o
                0x0800455c                f_opendir
 .text.f_closedir
                0x080045dc       0x34 ./FATFS/ff.o
                0x080045dc                f_closedir
 .text.f_readdir
                0x08004610      0x510 ./FATFS/ff.o
                0x08004610                f_readdir
 .text.ff_uni2oem
                0x08004b20       0x44 ./FATFS/ffunicode.o
                0x08004b20                ff_uni2oem
 .text.ff_oem2uni
                0x08004b64       0x2c ./FATFS/ffunicode.o
                0x08004b64                ff_oem2uni
 .text.ff_wtoupper
                0x08004b90       0xb8 ./FATFS/ffunicode.o
                0x08004b90                ff_wtoupper
 .text.SPI_DMA_TransmitReceive
                0x08004c48      0x10c ./FATFS/user_diskio_spi.o
 .text.rcvr_datablock
                0x08004d54       0xa8 ./FATFS/user_diskio_spi.o
 .text.send_cmd
                0x08004dfc      0x16c ./FATFS/user_diskio_spi.o
 .text.USER_SPI_initialize
                0x08004f68      0x244 ./FATFS/user_diskio_spi.o
                0x08004f68                USER_SPI_initialize
 .text.USER_SPI_status
                0x080051ac        0xc ./FATFS/user_diskio_spi.o
                0x080051ac                USER_SPI_status
 .text.USER_SPI_read
                0x080051b8      0x138 ./FATFS/user_diskio_spi.o
                0x080051b8                USER_SPI_read
 .text.FileManagerSetDisplay
                0x080052f0        0x4 ./FileManager/filemanager.o
 .text.FileManagerSetWin
                0x080052f4        0xc ./FileManager/filemanager.o
 .text.FileManagerSetColor
                0x08005300        0x4 ./FileManager/filemanager.o
 .text.FileManagerSetFont
                0x08005304        0x4 ./FileManager/filemanager.o
 .text.FileManagerSetKeys
                0x08005308       0x10 ./FileManager/filemanager.o
 .text.FileManagerChangeActiveFlag
                0x08005318        0x8 ./FileManager/filemanager.o
 .text.FileManagerGetStatus
                0x08005320        0x8 ./FileManager/filemanager.o
 .text.FileManagerGetFilePath
                0x08005328        0x4 ./FileManager/filemanager.o
 .text.FileManagerGetFileName
                0x0800532c        0x4 ./FileManager/filemanager.o
 .text.FileManagerShow
                0x08005330      0x7a4 ./FileManager/filemanager.o
 .text.FileManagerNew
                0x08005ad4       0x80 ./FileManager/filemanager.o
                0x08005ad4                FileManagerNew
 .text.KEYB_Inkeys
                0x08005b54       0x3c ./Keyboard/keyboard.o
                0x08005b54                KEYB_Inkeys
 .text.KEYB_kbhit
                0x08005b90       0x1c ./Keyboard/keyboard.o
                0x08005b90                KEYB_kbhit
 .text.my_strcpy_fixed_sym
                0x08005bac       0x20 ./MyString/mystring.o
                0x08005bac                my_strcpy_fixed_sym
 .text.my_strcat_fixed_sym
                0x08005bcc       0x38 ./MyString/mystring.o
                0x08005bcc                my_strcat_fixed_sym
 .text.my_strcat
                0x08005c04       0x2c ./MyString/mystring.o
                0x08005c04                my_strcat
 .text.my_strcpy
                0x08005c30       0x14 ./MyString/mystring.o
                0x08005c30                my_strcpy
 .text.my_strcpy_mem
                0x08005c44       0x40 ./MyString/mystring.o
                0x08005c44                my_strcpy_mem
 .text.my_strlen
                0x08005c84       0x18 ./MyString/mystring.o
                0x08005c84                my_strlen
 .text.LED_AddNewPort
                0x08005c9c       0x5c ./WS2812B/ws2812b.o
                0x08005c9c                LED_AddNewPort
 .text.LED_DeviceUpdate
                0x08005cf8       0x84 ./WS2812B/ws2812b.o
                0x08005cf8                LED_DeviceUpdate
 .text.LED_DeviceWaitUpdate
                0x08005d7c       0x88 ./WS2812B/ws2812b.o
                0x08005d7c                LED_DeviceWaitUpdate
 .text.LED_CreateDevice
                0x08005e04       0xd4 ./WS2812B/ws2812b.o
                0x08005e04                LED_CreateDevice
 .text.LED_StartDevice
                0x08005ed8      0x11c ./WS2812B/ws2812b.o
                0x08005ed8                LED_StartDevice
 .text.LED_SetPixelByIdRGB
                0x08005ff4       0x20 ./WS2812B/ws2812b.o
                0x08005ff4                LED_SetPixelByIdRGB
 .text.LED_FillColor
                0x08006014       0x2c ./WS2812B/ws2812b.o
                0x08006014                LED_FillColor
 .text.LED_GetIdByXY
                0x08006040       0xd4 ./WS2812B/ws2812b.o
                0x08006040                LED_GetIdByXY
 .text.LED_Callback
                0x08006114      0x15c ./WS2812B/ws2812b.o
                0x08006114                LED_Callback
 .text.calloc   0x08006270       0x14 F:/ST/STM32CubeIDE_1.1.0/STM32CubeIDE/plugins/com.st.stm32cube.ide.mcu.externaltools.gnu-tools-for-stm32.12.3.rel1.win32_1.0.100.202403111256/tools/bin/../lib/gcc/arm-none-eabi/12.3.1/../../../../arm-none-eabi/lib/thumb/v6-m/nofp\libc_nano.a(libc_a-calloc.o)
                0x08006270                calloc
 .text._calloc_r
                0x08006284       0x5a F:/ST/STM32CubeIDE_1.1.0/STM32CubeIDE/plugins/com.st.stm32cube.ide.mcu.externaltools.gnu-tools-for-stm32.12.3.rel1.win32_1.0.100.202403111256/tools/bin/../lib/gcc/arm-none-eabi/12.3.1/../../../../arm-none-eabi/lib/thumb/v6-m/nofp\libc_nano.a(libc_a-callocr.o)
                0x08006284                _calloc_r
 *fill*         0x080062de        0x2 
 .text.malloc   0x080062e0       0x14 F:/ST/STM32CubeIDE_1.1.0/STM32CubeIDE/plugins/com.st.stm32cube.ide.mcu.externaltools.gnu-tools-for-stm32.12.3.rel1.win32_1.0.100.202403111256/tools/bin/../lib/gcc/arm-none-eabi/12.3.1/../../../../arm-none-eabi/lib/thumb/v6-m/nofp\libc_nano.a(libc_a-malloc.o)
                0x080062e0                malloc
 .text.free     0x080062f4       0x14 F:/ST/STM32CubeIDE_1.1.0/STM32CubeIDE/plugins/com.st.stm32cube.ide.mcu.externaltools.gnu-tools-for-stm32.12.3.rel1.win32_1.0.100.202403111256/tools/bin/../lib/gcc/arm-none-eabi/12.3.1/../../../../arm-none-eabi/lib/thumb/v6-m/nofp\libc_nano.a(libc_a-malloc.o)
                0x080062f4                free
 .text.sbrk_aligned
                0x08006308       0x44 F:/ST/STM32CubeIDE_1.1.0/STM32CubeIDE/plugins/com.st.stm32cube.ide.mcu.externaltools.gnu-tools-for-stm32.12.3.rel1.win32_1.0.100.202403111256/tools/bin/../lib/gcc/arm-none-eabi/12.3.1/../../../../arm-none-eabi/lib/thumb/v6-m/nofp\libc_nano.a(libc_a-mallocr.o)
 .text._malloc_r
                0x0800634c      0x100 F:/ST/STM32CubeIDE_1.1.0/STM32CubeIDE/plugins/com.st.stm32cube.ide.mcu.externaltools.gnu-tools-for-stm32.12.3.rel1.win32_1.0.100.202403111256/tools/bin/../lib/gcc/arm-none-eabi/12.3.1/../../../../arm-none-eabi/lib/thumb/v6-m/nofp\libc_nano.a(libc_a-mallocr.o)
                0x0800634c                _malloc_r
 .text.__malloc_lock
                0x0800644c       0x10 F:/ST/STM32CubeIDE_1.1.0/STM32CubeIDE/plugins/com.st.stm32cube.ide.mcu.externaltools.gnu-tools-for-stm32.12.3.rel1.win32_1.0.100.202403111256/tools/bin/../lib/gcc/arm-none-eabi/12.3.1/../../../../arm-none-eabi/lib/thumb/v6-m/nofp\libc_nano.a(libc_a-mlock.o)
                0x0800644c                __malloc_lock
 .text.__malloc_unlock
                0x0800645c       0x10 F:/ST/STM32CubeIDE_1.1.0/STM32CubeIDE/plugins/com.st.stm32cube.ide.mcu.externaltools.gnu-tools-for-stm32.12.3.rel1.win32_1.0.100.202403111256/tools/bin/../lib/gcc/arm-none-eabi/12.3.1/../../../../arm-none-eabi/lib/thumb/v6-m/nofp\libc_nano.a(libc_a-mlock.o)
                0x0800645c                __malloc_unlock
 .text.realloc  0x0800646c       0x14 F:/ST/STM32CubeIDE_1.1.0/STM32CubeIDE/plugins/com.st.stm32cube.ide.mcu.externaltools.gnu-tools-for-stm32.12.3.rel1.win32_1.0.100.202403111256/tools/bin/../lib/gcc/arm-none-eabi/12.3.1/../../../../arm-none-eabi/lib/thumb/v6-m/nofp\libc_nano.a(libc_a-realloc.o)
                0x0800646c                realloc
 .text._realloc_r
                0x08006480       0x5e F:/ST/STM32CubeIDE_1.1.0/STM32CubeIDE/plugins/com.st.stm32cube.ide.mcu.externaltools.gnu-tools-for-stm32.12.3.rel1.win32_1.0.100.202403111256/tools/bin/../lib/gcc/arm-none-eabi/12.3.1/../../../../arm-none-eabi/lib/thumb/v6-m/nofp\libc_nano.a(libc_a-reallocr.o)
                0x08006480                _realloc_r
 .text.memcmp   0x080064de       0x1c F:/ST/STM32CubeIDE_1.1.0/STM32CubeIDE/plugins/com.st.stm32cube.ide.mcu.externaltools.gnu-tools-for-stm32.12.3.rel1.win32_1.0.100.202403111256/tools/bin/../lib/gcc/arm-none-eabi/12.3.1/../../../../arm-none-eabi/lib/thumb/v6-m/nofp\libc_nano.a(libc_a-memcmp.o)
                0x080064de                memcmp
 .text.memmove  0x080064fa       0x26 F:/ST/STM32CubeIDE_1.1.0/STM32CubeIDE/plugins/com.st.stm32cube.ide.mcu.externaltools.gnu-tools-for-stm32.12.3.rel1.win32_1.0.100.202403111256/tools/bin/../lib/gcc/arm-none-eabi/12.3.1/../../../../arm-none-eabi/lib/thumb/v6-m/nofp\libc_nano.a(libc_a-memmove.o)
                0x080064fa                memmove
 .text.memset   0x08006520       0x10 F:/ST/STM32CubeIDE_1.1.0/STM32CubeIDE/plugins/com.st.stm32cube.ide.mcu.externaltools.gnu-tools-for-stm32.12.3.rel1.win32_1.0.100.202403111256/tools/bin/../lib/gcc/arm-none-eabi/12.3.1/../../../../arm-none-eabi/lib/thumb/v6-m/nofp\libc_nano.a(libc_a-memset.o)
                0x08006520                memset
 .text.strchr   0x08006530       0x1c F:/ST/STM32CubeIDE_1.1.0/STM32CubeIDE/plugins/com.st.stm32cube.ide.mcu.externaltools.gnu-tools-for-stm32.12.3.rel1.win32_1.0.100.202403111256/tools/bin/../lib/gcc/arm-none-eabi/12.3.1/../../../../arm-none-eabi/lib/thumb/v6-m/nofp\libc_nano.a(libc_a-strchr.o)
                0x08006530                strchr
 .text._sbrk_r  0x0800654c       0x24 F:/ST/STM32CubeIDE_1.1.0/STM32CubeIDE/plugins/com.st.stm32cube.ide.mcu.externaltools.gnu-tools-for-stm32.12.3.rel1.win32_1.0.100.202403111256/tools/bin/../lib/gcc/arm-none-eabi/12.3.1/../../../../arm-none-eabi/lib/thumb/v6-m/nofp\libc_nano.a(libc_a-sbrkr.o)
                0x0800654c                _sbrk_r
 .text.__errno  0x08006570        0xc F:/ST/STM32CubeIDE_1.1.0/STM32CubeIDE/plugins/com.st.stm32cube.ide.mcu.externaltools.gnu-tools-for-stm32.12.3.rel1.win32_1.0.100.202403111256/tools/bin/../lib/gcc/arm-none-eabi/12.3.1/../../../../arm-none-eabi/lib/thumb/v6-m/nofp\libc_nano.a(libc_a-errno.o)
                0x08006570                __errno
 .text.__libc_init_array
                0x0800657c       0x48 F:/ST/STM32CubeIDE_1.1.0/STM32CubeIDE/plugins/com.st.stm32cube.ide.mcu.externaltools.gnu-tools-for-stm32.12.3.rel1.win32_1.0.100.202403111256/tools/bin/../lib/gcc/arm-none-eabi/12.3.1/../../../../arm-none-eabi/lib/thumb/v6-m/nofp\libc_nano.a(libc_a-init.o)
                0x0800657c                __libc_init_array
 .text.__retarget_lock_acquire_recursive
                0x080065c4        0x2 F:/ST/STM32CubeIDE_1.1.0/STM32CubeIDE/plugins/com.st.stm32cube.ide.mcu.externaltools.gnu-tools-for-stm32.12.3.rel1.win32_1.0.100.202403111256/tools/bin/../lib/gcc/arm-none-eabi/12.3.1/../../../../arm-none-eabi/lib/thumb/v6-m/nofp\libc_nano.a(libc_a-lock.o)
                0x080065c4                __retarget_lock_acquire_recursive
 .text.__retarget_lock_release_recursive
                0x080065c6        0x2 F:/ST/STM32CubeIDE_1.1.0/STM32CubeIDE/plugins/com.st.stm32cube.ide.mcu.externaltools.gnu-tools-for-stm32.12.3.rel1.win32_1.0.100.202403111256/tools/bin/../lib/gcc/arm-none-eabi/12.3.1/../../../../arm-none-eabi/lib/thumb/v6-m/nofp\libc_nano.a(libc_a-lock.o)
                0x080065c6                __retarget_lock_release_recursive
 .text.memcpy   0x080065c8       0x12 F:/ST/STM32CubeIDE_1.1.0/STM32CubeIDE/plugins/com.st.stm32cube.ide.mcu.externaltools.gnu-tools-for-stm32.12.3.rel1.win32_1.0.100.202403111256/tools/bin/../lib/gcc/arm-none-eabi/12.3.1/../../../../arm-none-eabi/lib/thumb/v6-m/nofp\libc_nano.a(libc_a-memcpy-stub.o)
                0x080065c8                memcpy
 *fill*         0x080065da        0x2 
 .text._free_r  0x080065dc       0x94 F:/ST/STM32CubeIDE_1.1.0/STM32CubeIDE/plugins/com.st.stm32cube.ide.mcu.externaltools.gnu-tools-for-stm32.12.3.rel1.win32_1.0.100.202403111256/tools/bin/../lib/gcc/arm-none-eabi/12.3.1/../../../../arm-none-eabi/lib/thumb/v6-m/nofp\libc_nano.a(libc_a-freer.o)
                0x080065dc                _free_r
 .text._malloc_usable_size_r
                0x08006670       0x10 F:/ST/STM32CubeIDE_1.1.0/STM32CubeIDE/plugins/com.st.stm32cube.ide.mcu.externaltools.gnu-tools-for-stm32.12.3.rel1.win32_1.0.100.202403111256/tools/bin/../lib/gcc/arm-none-eabi/12.3.1/../../../../arm-none-eabi/lib/thumb/v6-m/nofp\libc_nano.a(libc_a-msizer.o)
                0x08006670                _malloc_usable_size_r
 *(.glue_7)
 .glue_7        0x08006680        0x0 linker stubs
 *(.glue_7t)
 .glue_7t       0x08006680        0x0 linker stubs
 *(.eh_frame)
 .eh_frame      0x08006680        0x0 F:/ST/STM32CubeIDE_1.1.0/STM32CubeIDE/plugins/com.st.stm32cube.ide.mcu.externaltools.gnu-tools-for-stm32.12.3.rel1.win32_1.0.100.202403111256/tools/bin/../lib/gcc/arm-none-eabi/12.3.1/thumb/v6-m/nofp/crtbegin.o
 *(.init)
 .init          0x08006680        0x4 F:/ST/STM32CubeIDE_1.1.0/STM32CubeIDE/plugins/com.st.stm32cube.ide.mcu.externaltools.gnu-tools-for-stm32.12.3.rel1.win32_1.0.100.202403111256/tools/bin/../lib/gcc/arm-none-eabi/12.3.1/thumb/v6-m/nofp/crti.o
                0x08006680                _init
 .init          0x08006684        0x8 F:/ST/STM32CubeIDE_1.1.0/STM32CubeIDE/plugins/com.st.stm32cube.ide.mcu.externaltools.gnu-tools-for-stm32.12.3.rel1.win32_1.0.100.202403111256/tools/bin/../lib/gcc/arm-none-eabi/12.3.1/thumb/v6-m/nofp/crtn.o
 *(.fini)
 .fini          0x0800668c        0x4 F:/ST/STM32CubeIDE_1.1.0/STM32CubeIDE/plugins/com.st.stm32cube.ide.mcu.externaltools.gnu-tools-for-stm32.12.3.rel1.win32_1.0.100.202403111256/tools/bin/../lib/gcc/arm-none-eabi/12.3.1/thumb/v6-m/nofp/crti.o
                0x0800668c                _fini
 .fini          0x08006690        0x8 F:/ST/STM32CubeIDE_1.1.0/STM32CubeIDE/plugins/com.st.stm32cube.ide.mcu.externaltools.gnu-tools-for-stm32.12.3.rel1.win32_1.0.100.202403111256/tools/bin/../lib/gcc/arm-none-eabi/12.3.1/thumb/v6-m/nofp/crtn.o
                0x08006698                        . = ALIGN (0x4)
                0x08006698                        _etext = .

.vfp11_veneer   0x08006698        0x0
 .vfp11_veneer  0x08006698        0x0 linker stubs

.v4_bx          0x08006698        0x0
 .v4_bx         0x08006698        0x0 linker stubs

.iplt           0x08006698        0x0
 .iplt          0x08006698        0x0 F:/ST/STM32CubeIDE_1.1.0/STM32CubeIDE/plugins/com.st.stm32cube.ide.mcu.externaltools.gnu-tools-for-stm32.12.3.rel1.win32_1.0.100.202403111256/tools/bin/../lib/gcc/arm-none-eabi/12.3.1/thumb/v6-m/nofp/crtbegin.o

.rodata         0x08006698     0x1408
                0x08006698                        . = ALIGN (0x4)
 *(.rodata)
 .rodata        0x08006698       0x38 ./Core/Src/main.o
 *(.rodata*)
 .rodata.main.str1.4
                0x080066d0       0x97 ./Core/Src/main.o
 *fill*         0x08006767        0x1 
 .rodata.EXTI4_15_IRQHandler
                0x08006768      0x318 ./Core/Src/stm32g0xx_it.o
 .rodata.Font8x13
                0x08006a80      0xb60 ./Display/fonts.o
 .rodata.ENCODER_inc_tbl
                0x080075e0       0x10 ./Encoder/encoder.o
                0x080075e0                ENCODER_inc_tbl
 .rodata.check_fs.str1.4
                0x080075f0        0x9 ./FATFS/ff.o
 *fill*         0x080075f9        0x3 
 .rodata.follow_path.str1.4
                0x080075fc       0x13 ./FATFS/ff.o
 *fill*         0x0800760f        0x1 
 .rodata.ExCvt  0x08007610       0x80 ./FATFS/ff.o
 .rodata.LfnOfs
                0x08007690        0xd ./FATFS/ff.o
 *fill*         0x0800769d        0x3 
 .rodata.ff_wtoupper
                0x080076a0       0x24 ./FATFS/ffunicode.o
 .rodata.cvt2.0
                0x080076c4       0xbc ./FATFS/ffunicode.o
 .rodata.cvt1.1
                0x08007780      0x1f2 ./FATFS/ffunicode.o
 *fill*         0x08007972        0x2 
 .rodata.uc866  0x08007974      0x100 ./FATFS/ffunicode.o
 .rodata.FileManagerShow.str1.4
                0x08007a74        0x2 ./FileManager/filemanager.o
                                  0x6 (size before relaxing)
 .rodata.FileManagerNew.str1.4
                0x08007a76        0x2 ./FileManager/filemanager.o
                                  0x1 (size before relaxing)
 *fill*         0x08007a76        0x2 
 .rodata.LED_GetIdByXY
                0x08007a78       0x20 ./WS2812B/ws2812b.o
 .rodata.CHANNEL_OFFSET_TAB
                0x08007a98        0x5 ./WS2812B/ws2812b.o
                0x08007aa0                        . = ALIGN (0x4)
 *fill*         0x08007a9d        0x3 

.ARM.extab      0x08007aa0        0x0
                0x08007aa0                        . = ALIGN (0x4)
 *(.ARM.extab* .gnu.linkonce.armextab.*)
                0x08007aa0                        . = ALIGN (0x4)

.ARM            0x08007aa0        0x0
                0x08007aa0                        . = ALIGN (0x4)
                0x08007aa0                        __exidx_start = .
 *(.ARM.exidx*)
                0x08007aa0                        __exidx_end = .
                0x08007aa0                        . = ALIGN (0x4)

.preinit_array  0x08007aa0        0x0
                0x08007aa0                        . = ALIGN (0x4)
                0x08007aa0                        PROVIDE (__preinit_array_start = .)
 *(.preinit_array*)
                0x08007aa0                        PROVIDE (__preinit_array_end = .)
                0x08007aa0                        . = ALIGN (0x4)

.init_array     0x08007aa0        0x4
                0x08007aa0                        . = ALIGN (0x4)
                0x08007aa0                        PROVIDE (__init_array_start = .)
 *(SORT_BY_NAME(.init_array.*))
 *(.init_array*)
 .init_array    0x08007aa0        0x4 F:/ST/STM32CubeIDE_1.1.0/STM32CubeIDE/plugins/com.st.stm32cube.ide.mcu.externaltools.gnu-tools-for-stm32.12.3.rel1.win32_1.0.100.202403111256/tools/bin/../lib/gcc/arm-none-eabi/12.3.1/thumb/v6-m/nofp/crtbegin.o
                0x08007aa4                        PROVIDE (__init_array_end = .)
                0x08007aa4                        . = ALIGN (0x4)

.fini_array     0x08007aa4        0x4
                0x08007aa4                        . = ALIGN (0x4)
                [!provide]                        PROVIDE (__fini_array_start = .)
 *(SORT_BY_NAME(.fini_array.*))
 *(.fini_array*)
 .fini_array    0x08007aa4        0x4 F:/ST/STM32CubeIDE_1.1.0/STM32CubeIDE/plugins/com.st.stm32cube.ide.mcu.externaltools.gnu-tools-for-stm32.12.3.rel1.win32_1.0.100.202403111256/tools/bin/../lib/gcc/arm-none-eabi/12.3.1/thumb/v6-m/nofp/crtbegin.o
                [!provide]                        PROVIDE (__fini_array_end = .)
                0x08007aa8                        . = ALIGN (0x4)
                0x08007aa8                        _sidata = LOADADDR (.data)

.rel.dyn        0x08007aa8        0x0
 .rel.iplt      0x08007aa8        0x0 F:/ST/STM32CubeIDE_1.1.0/STM32CubeIDE/plugins/com.st.stm32cube.ide.mcu.externaltools.gnu-tools-for-stm32.12.3.rel1.win32_1.0.100.202403111256/tools/bin/../lib/gcc/arm-none-eabi/12.3.1/thumb/v6-m/nofp/crtbegin.o

.data           0x20000000       0xf4 load address 0x08007aa8
                0x20000000                        . = ALIGN (0x4)
                0x20000000                        _sdata = .
 *(.data)
 *(.data*)
 .data.SystemCoreClock
                0x20000000        0x4 ./Core/Src/system_stm32g0xx.o
                0x20000000                SystemCoreClock
 .data.Font_8x13
                0x20000004        0xc ./Display/fonts.o
                0x20000004                Font_8x13
 .data.st7789_sleepout_str
                0x20000010        0x6 ./Display/st7789.o
                0x20000010                st7789_sleepout_str
 *fill*         0x20000016        0x2 
 .data.st7789_sleepin_str
                0x20000018        0x6 ./Display/st7789.o
                0x20000018                st7789_sleepin_str
 *fill*         0x2000001e        0x2 
 .data.st7789_setwin_str
                0x20000020       0x12 ./Display/st7789.o
                0x20000020                st7789_setwin_str
 *fill*         0x20000032        0x2 
 .data.st7789_init_str
                0x20000034       0x6d ./Display/st7789.o
                0x20000034                st7789_init_str
 .data.Stat     0x200000a1        0x1 ./FATFS/user_diskio_spi.o
 *fill*         0x200000a2        0x2 
 .data._impure_ptr
                0x200000a4        0x4 F:/ST/STM32CubeIDE_1.1.0/STM32CubeIDE/plugins/com.st.stm32cube.ide.mcu.externaltools.gnu-tools-for-stm32.12.3.rel1.win32_1.0.100.202403111256/tools/bin/../lib/gcc/arm-none-eabi/12.3.1/../../../../arm-none-eabi/lib/thumb/v6-m/nofp\libc_nano.a(libc_a-impure.o)
                0x200000a4                _impure_ptr
 .data._impure_data
                0x200000a8       0x4c F:/ST/STM32CubeIDE_1.1.0/STM32CubeIDE/plugins/com.st.stm32cube.ide.mcu.externaltools.gnu-tools-for-stm32.12.3.rel1.win32_1.0.100.202403111256/tools/bin/../lib/gcc/arm-none-eabi/12.3.1/../../../../arm-none-eabi/lib/thumb/v6-m/nofp\libc_nano.a(libc_a-impure.o)
                0x200000a8                _impure_data
 *(.RamFunc)
 *(.RamFunc*)
                0x200000f4                        . = ALIGN (0x4)
                0x200000f4                        _edata = .

.igot.plt       0x200000f4        0x0 load address 0x08007b9c
 .igot.plt      0x200000f4        0x0 F:/ST/STM32CubeIDE_1.1.0/STM32CubeIDE/plugins/com.st.stm32cube.ide.mcu.externaltools.gnu-tools-for-stm32.12.3.rel1.win32_1.0.100.202403111256/tools/bin/../lib/gcc/arm-none-eabi/12.3.1/thumb/v6-m/nofp/crtbegin.o
                0x200000f4                        . = ALIGN (0x4)

.bss            0x200000f4      0x458 load address 0x08007b9c
                0x200000f4                        _sbss = .
                0x200000f4                        __bss_start__ = _sbss
 *(.bss)
 .bss           0x200000f4       0x1c F:/ST/STM32CubeIDE_1.1.0/STM32CubeIDE/plugins/com.st.stm32cube.ide.mcu.externaltools.gnu-tools-for-stm32.12.3.rel1.win32_1.0.100.202403111256/tools/bin/../lib/gcc/arm-none-eabi/12.3.1/thumb/v6-m/nofp/crtbegin.o
 *(.bss*)
 .bss.encoder1  0x20000110       0x30 ./Core/Src/main.o
                0x20000110                encoder1
 .bss.FatFS     0x20000140      0x22c ./Core/Src/main.o
                0x20000140                FatFS
 .bss.Path      0x2000036c        0x4 ./Core/Src/main.o
                0x2000036c                Path
 .bss.millis    0x20000370        0x4 ./Core/Src/main.o
                0x20000370                millis
 .bss.__sbrk_heap_end
                0x20000374        0x4 ./Core/Src/sysmem.o
 .bss.LCD       0x20000378        0x4 ./Display/display.o
                0x20000378                LCD
 .bss.LfnBuf    0x2000037c       0x52 ./FATFS/ff.o
 .bss.Fsid      0x200003ce        0x2 ./FATFS/ff.o
 .bss.FatFs     0x200003d0        0x4 ./FATFS/ff.o
 .bss.CardType  0x200003d4        0x1 ./FATFS/user_diskio_spi.o
 .bss.KEYB_all_button
                0x200003d5        0x1 ./Keyboard/keyboard.o
                0x200003d5                KEYB_all_button
 .bss.KEYB_count_key
                0x200003d6        0x1 ./Keyboard/keyboard.o
                0x200003d6                KEYB_count_key
 *fill*         0x200003d7        0x1 
 .bss.KEYB_key_buff
                0x200003d8       0x28 ./Keyboard/keyboard.o
                0x200003d8                KEYB_key_buff
 .bss.LED_devices
                0x20000400        0x4 ./WS2812B/ws2812b.o
                0x20000400                LED_devices
 .bss.__malloc_sbrk_start
                0x20000404        0x4 F:/ST/STM32CubeIDE_1.1.0/STM32CubeIDE/plugins/com.st.stm32cube.ide.mcu.externaltools.gnu-tools-for-stm32.12.3.rel1.win32_1.0.100.202403111256/tools/bin/../lib/gcc/arm-none-eabi/12.3.1/../../../../arm-none-eabi/lib/thumb/v6-m/nofp\libc_nano.a(libc_a-mallocr.o)
                0x20000404                __malloc_sbrk_start
 .bss.__malloc_free_list
                0x20000408        0x4 F:/ST/STM32CubeIDE_1.1.0/STM32CubeIDE/plugins/com.st.stm32cube.ide.mcu.externaltools.gnu-tools-for-stm32.12.3.rel1.win32_1.0.100.202403111256/tools/bin/../lib/gcc/arm-none-eabi/12.3.1/../../../../arm-none-eabi/lib/thumb/v6-m/nofp\libc_nano.a(libc_a-mallocr.o)
                0x20000408                __malloc_free_list
 .bss.__sf      0x2000040c      0x138 F:/ST/STM32CubeIDE_1.1.0/STM32CubeIDE/plugins/com.st.stm32cube.ide.mcu.externaltools.gnu-tools-for-stm32.12.3.rel1.win32_1.0.100.202403111256/tools/bin/../lib/gcc/arm-none-eabi/12.3.1/../../../../arm-none-eabi/lib/thumb/v6-m/nofp\libc_nano.a(libc_a-findfp.o)
                0x2000040c                __sf
 .bss.errno     0x20000544        0x4 F:/ST/STM32CubeIDE_1.1.0/STM32CubeIDE/plugins/com.st.stm32cube.ide.mcu.externaltools.gnu-tools-for-stm32.12.3.rel1.win32_1.0.100.202403111256/tools/bin/../lib/gcc/arm-none-eabi/12.3.1/../../../../arm-none-eabi/lib/thumb/v6-m/nofp\libc_nano.a(libc_a-reent.o)
                0x20000544                errno
 .bss.__lock___malloc_recursive_mutex
                0x20000548        0x1 F:/ST/STM32CubeIDE_1.1.0/STM32CubeIDE/plugins/com.st.stm32cube.ide.mcu.externaltools.gnu-tools-for-stm32.12.3.rel1.win32_1.0.100.202403111256/tools/bin/../lib/gcc/arm-none-eabi/12.3.1/../../../../arm-none-eabi/lib/thumb/v6-m/nofp\libc_nano.a(libc_a-lock.o)
                0x20000548                __lock___malloc_recursive_mutex
 *(COMMON)
                0x2000054c                        . = ALIGN (0x4)
 *fill*         0x20000549        0x3 
                0x2000054c                        _ebss = .
                0x2000054c                        __bss_end__ = _ebss

._user_heap_stack
                0x2000054c      0x604 load address 0x08007b9c
                0x20000550                        . = ALIGN (0x8)
 *fill*         0x2000054c        0x4 
                [!provide]                        PROVIDE (end = .)
                0x20000550                        PROVIDE (_end = .)
                0x20000750                        . = (. + _Min_Heap_Size)
 *fill*         0x20000550      0x200 
                0x20000b50                        . = (. + _Min_Stack_Size)
 *fill*         0x20000750      0x400 
                0x20000b50                        . = ALIGN (0x8)

/DISCARD/
 libc.a(*)
 libm.a(*)
 libgcc.a(*)

.ARM.attributes
                0x00000000       0x28
 *(.ARM.attributes)
 .ARM.attributes
                0x00000000       0x1e F:/ST/STM32CubeIDE_1.1.0/STM32CubeIDE/plugins/com.st.stm32cube.ide.mcu.externaltools.gnu-tools-for-stm32.12.3.rel1.win32_1.0.100.202403111256/tools/bin/../lib/gcc/arm-none-eabi/12.3.1/thumb/v6-m/nofp/crti.o
 .ARM.attributes
                0x0000001e       0x2c F:/ST/STM32CubeIDE_1.1.0/STM32CubeIDE/plugins/com.st.stm32cube.ide.mcu.externaltools.gnu-tools-for-stm32.12.3.rel1.win32_1.0.100.202403111256/tools/bin/../lib/gcc/arm-none-eabi/12.3.1/thumb/v6-m/nofp/crtbegin.o
 .ARM.attributes
                0x0000004a       0x28 ./AVI/avi.o
 .ARM.attributes
                0x00000072       0x28 ./AVI/riff_read_header.o
 .ARM.attributes
                0x0000009a       0x28 ./Core/Src/main.o
 .ARM.attributes
                0x000000c2       0x28 ./Core/Src/stm32g0xx_it.o
 .ARM.attributes
                0x000000ea       0x28 ./Core/Src/sysmem.o
 .ARM.attributes
                0x00000112       0x28 ./Core/Src/system_stm32g0xx.o
 .ARM.attributes
                0x0000013a       0x22 ./Core/Startup/startup_stm32g031f8px.o
 .ARM.attributes
                0x0000015c       0x28 ./Display/display.o
 .ARM.attributes
                0x00000184       0x28 ./Display/fonts.o
 .ARM.attributes
                0x000001ac       0x28 ./Display/st7789.o
 .ARM.attributes
                0x000001d4       0x28 ./Drivers/STM32G0xx_HAL_Driver/Src/stm32g0xx_ll_exti.o
 .ARM.attributes
                0x000001fc       0x28 ./Drivers/STM32G0xx_HAL_Driver/Src/stm32g0xx_ll_gpio.o
 .ARM.attributes
                0x00000224       0x28 ./Drivers/STM32G0xx_HAL_Driver/Src/stm32g0xx_ll_spi.o
 .ARM.attributes
                0x0000024c       0x28 ./Drivers/STM32G0xx_HAL_Driver/Src/stm32g0xx_ll_tim.o
 .ARM.attributes
                0x00000274       0x28 ./Drivers/STM32G0xx_HAL_Driver/Src/stm32g0xx_ll_utils.o
 .ARM.attributes
                0x0000029c       0x28 ./Encoder/encoder.o
 .ARM.attributes
                0x000002c4       0x28 ./FATFS/diskio.o
 .ARM.attributes
                0x000002ec       0x28 ./FATFS/ff.o
 .ARM.attributes
                0x00000314       0x28 ./FATFS/ffunicode.o
 .ARM.attributes
                0x0000033c       0x28 ./FATFS/user_diskio_spi.o
 .ARM.attributes
                0x00000364       0x28 ./FileManager/filemanager.o
 .ARM.attributes
                0x0000038c       0x28 ./Keyboard/keyboard.o
 .ARM.attributes
                0x000003b4       0x28 ./MyString/mystring.o
 .ARM.attributes
                0x000003dc       0x28 ./WS2812B/ws2812b.o
 .ARM.attributes
                0x00000404       0x2c F:/ST/STM32CubeIDE_1.1.0/STM32CubeIDE/plugins/com.st.stm32cube.ide.mcu.externaltools.gnu-tools-for-stm32.12.3.rel1.win32_1.0.100.202403111256/tools/bin/../lib/gcc/arm-none-eabi/12.3.1/../../../../arm-none-eabi/lib/thumb/v6-m/nofp\libc_nano.a(libc_a-calloc.o)
 .ARM.attributes
                0x00000430       0x2c F:/ST/STM32CubeIDE_1.1.0/STM32CubeIDE/plugins/com.st.stm32cube.ide.mcu.externaltools.gnu-tools-for-stm32.12.3.rel1.win32_1.0.100.202403111256/tools/bin/../lib/gcc/arm-none-eabi/12.3.1/../../../../arm-none-eabi/lib/thumb/v6-m/nofp\libc_nano.a(libc_a-callocr.o)
 .ARM.attributes
                0x0000045c       0x2c F:/ST/STM32CubeIDE_1.1.0/STM32CubeIDE/plugins/com.st.stm32cube.ide.mcu.externaltools.gnu-tools-for-stm32.12.3.rel1.win32_1.0.100.202403111256/tools/bin/../lib/gcc/arm-none-eabi/12.3.1/../../../../arm-none-eabi/lib/thumb/v6-m/nofp\libc_nano.a(libc_a-malloc.o)
 .ARM.attributes
                0x00000488       0x2c F:/ST/STM32CubeIDE_1.1.0/STM32CubeIDE/plugins/com.st.stm32cube.ide.mcu.externaltools.gnu-tools-for-stm32.12.3.rel1.win32_1.0.100.202403111256/tools/bin/../lib/gcc/arm-none-eabi/12.3.1/../../../../arm-none-eabi/lib/thumb/v6-m/nofp\libc_nano.a(libc_a-mallocr.o)
 .ARM.attributes
                0x000004b4       0x2c F:/ST/STM32CubeIDE_1.1.0/STM32CubeIDE/plugins/com.st.stm32cube.ide.mcu.externaltools.gnu-tools-for-stm32.12.3.rel1.win32_1.0.100.202403111256/tools/bin/../lib/gcc/arm-none-eabi/12.3.1/../../../../arm-none-eabi/lib/thumb/v6-m/nofp\libc_nano.a(libc_a-mlock.o)
 .ARM.attributes
                0x000004e0       0x2c F:/ST/STM32CubeIDE_1.1.0/STM32CubeIDE/plugins/com.st.stm32cube.ide.mcu.externaltools.gnu-tools-for-stm32.12.3.rel1.win32_1.0.100.202403111256/tools/bin/../lib/gcc/arm-none-eabi/12.3.1/../../../../arm-none-eabi/lib/thumb/v6-m/nofp\libc_nano.a(libc_a-realloc.o)
 .ARM.attributes
                0x0000050c       0x2c F:/ST/STM32CubeIDE_1.1.0/STM32CubeIDE/plugins/com.st.stm32cube.ide.mcu.externaltools.gnu-tools-for-stm32.12.3.rel1.win32_1.0.100.202403111256/tools/bin/../lib/gcc/arm-none-eabi/12.3.1/../../../../arm-none-eabi/lib/thumb/v6-m/nofp\libc_nano.a(libc_a-reallocr.o)
 .ARM.attributes
                0x00000538       0x2c F:/ST/STM32CubeIDE_1.1.0/STM32CubeIDE/plugins/com.st.stm32cube.ide.mcu.externaltools.gnu-tools-for-stm32.12.3.rel1.win32_1.0.100.202403111256/tools/bin/../lib/gcc/arm-none-eabi/12.3.1/../../../../arm-none-eabi/lib/thumb/v6-m/nofp\libc_nano.a(libc_a-findfp.o)
 .ARM.attributes
                0x00000564       0x2c F:/ST/STM32CubeIDE_1.1.0/STM32CubeIDE/plugins/com.st.stm32cube.ide.mcu.externaltools.gnu-tools-for-stm32.12.3.rel1.win32_1.0.100.202403111256/tools/bin/../lib/gcc/arm-none-eabi/12.3.1/../../../../arm-none-eabi/lib/thumb/v6-m/nofp\libc_nano.a(libc_a-memcmp.o)
 .ARM.attributes
                0x00000590       0x2c F:/ST/STM32CubeIDE_1.1.0/STM32CubeIDE/plugins/com.st.stm32cube.ide.mcu.externaltools.gnu-tools-for-stm32.12.3.rel1.win32_1.0.100.202403111256/tools/bin/../lib/gcc/arm-none-eabi/12.3.1/../../../../arm-none-eabi/lib/thumb/v6-m/nofp\libc_nano.a(libc_a-memmove.o)
 .ARM.attributes
                0x000005bc       0x2c F:/ST/STM32CubeIDE_1.1.0/STM32CubeIDE/plugins/com.st.stm32cube.ide.mcu.externaltools.gnu-tools-for-stm32.12.3.rel1.win32_1.0.100.202403111256/tools/bin/../lib/gcc/arm-none-eabi/12.3.1/../../../../arm-none-eabi/lib/thumb/v6-m/nofp\libc_nano.a(libc_a-memset.o)
 .ARM.attributes
                0x000005e8       0x2c F:/ST/STM32CubeIDE_1.1.0/STM32CubeIDE/plugins/com.st.stm32cube.ide.mcu.externaltools.gnu-tools-for-stm32.12.3.rel1.win32_1.0.100.202403111256/tools/bin/../lib/gcc/arm-none-eabi/12.3.1/../../../../arm-none-eabi/lib/thumb/v6-m/nofp\libc_nano.a(libc_a-strchr.o)
 .ARM.attributes
                0x00000614       0x2c F:/ST/STM32CubeIDE_1.1.0/STM32CubeIDE/plugins/com.st.stm32cube.ide.mcu.externaltools.gnu-tools-for-stm32.12.3.rel1.win32_1.0.100.202403111256/tools/bin/../lib/gcc/arm-none-eabi/12.3.1/../../../../arm-none-eabi/lib/thumb/v6-m/nofp\libc_nano.a(libc_a-reent.o)
 .ARM.attributes
                0x00000640       0x2c F:/ST/STM32CubeIDE_1.1.0/STM32CubeIDE/plugins/com.st.stm32cube.ide.mcu.externaltools.gnu-tools-for-stm32.12.3.rel1.win32_1.0.100.202403111256/tools/bin/../lib/gcc/arm-none-eabi/12.3.1/../../../../arm-none-eabi/lib/thumb/v6-m/nofp\libc_nano.a(libc_a-impure.o)
 .ARM.attributes
                0x0000066c       0x2c F:/ST/STM32CubeIDE_1.1.0/STM32CubeIDE/plugins/com.st.stm32cube.ide.mcu.externaltools.gnu-tools-for-stm32.12.3.rel1.win32_1.0.100.202403111256/tools/bin/../lib/gcc/arm-none-eabi/12.3.1/../../../../arm-none-eabi/lib/thumb/v6-m/nofp\libc_nano.a(libc_a-sbrkr.o)
 .ARM.attributes
                0x00000698       0x2c F:/ST/STM32CubeIDE_1.1.0/STM32CubeIDE/plugins/com.st.stm32cube.ide.mcu.externaltools.gnu-tools-for-stm32.12.3.rel1.win32_1.0.100.202403111256/tools/bin/../lib/gcc/arm-none-eabi/12.3.1/../../../../arm-none-eabi/lib/thumb/v6-m/nofp\libc_nano.a(libc_a-errno.o)
 .ARM.attributes
                0x000006c4       0x2c F:/ST/STM32CubeIDE_1.1.0/STM32CubeIDE/plugins/com.st.stm32cube.ide.mcu.externaltools.gnu-tools-for-stm32.12.3.rel1.win32_1.0.100.202403111256/tools/bin/../lib/gcc/arm-none-eabi/12.3.1/../../../../arm-none-eabi/lib/thumb/v6-m/nofp\libc_nano.a(libc_a-init.o)
 .ARM.attributes
                0x000006f0       0x2c F:/ST/STM32CubeIDE_1.1.0/STM32CubeIDE/plugins/com.st.stm32cube.ide.mcu.externaltools.gnu-tools-for-stm32.12.3.rel1.win32_1.0.100.202403111256/tools/bin/../lib/gcc/arm-none-eabi/12.3.1/../../../../arm-none-eabi/lib/thumb/v6-m/nofp\libc_nano.a(libc_a-lock.o)
 .ARM.attributes
                0x0000071c       0x2c F:/ST/STM32CubeIDE_1.1.0/STM32CubeIDE/plugins/com.st.stm32cube.ide.mcu.externaltools.gnu-tools-for-stm32.12.3.rel1.win32_1.0.100.202403111256/tools/bin/../lib/gcc/arm-none-eabi/12.3.1/../../../../arm-none-eabi/lib/thumb/v6-m/nofp\libc_nano.a(libc_a-memcpy-stub.o)
 .ARM.attributes
                0x00000748       0x1c F:/ST/STM32CubeIDE_1.1.0/STM32CubeIDE/plugins/com.st.stm32cube.ide.mcu.externaltools.gnu-tools-for-stm32.12.3.rel1.win32_1.0.100.202403111256/tools/bin/../lib/gcc/arm-none-eabi/12.3.1/../../../../arm-none-eabi/lib/thumb/v6-m/nofp\libc_nano.a(libc_a-strlen.o)
 .ARM.attributes
                0x00000764       0x2c F:/ST/STM32CubeIDE_1.1.0/STM32CubeIDE/plugins/com.st.stm32cube.ide.mcu.externaltools.gnu-tools-for-stm32.12.3.rel1.win32_1.0.100.202403111256/tools/bin/../lib/gcc/arm-none-eabi/12.3.1/../../../../arm-none-eabi/lib/thumb/v6-m/nofp\libc_nano.a(libc_a-freer.o)
 .ARM.attributes
                0x00000790       0x2c F:/ST/STM32CubeIDE_1.1.0/STM32CubeIDE/plugins/com.st.stm32cube.ide.mcu.externaltools.gnu-tools-for-stm32.12.3.rel1.win32_1.0.100.202403111256/tools/bin/../lib/gcc/arm-none-eabi/12.3.1/../../../../arm-none-eabi/lib/thumb/v6-m/nofp\libc_nano.a(libc_a-msizer.o)
 .ARM.attributes
                0x000007bc       0x1e F:/ST/STM32CubeIDE_1.1.0/STM32CubeIDE/plugins/com.st.stm32cube.ide.mcu.externaltools.gnu-tools-for-stm32.12.3.rel1.win32_1.0.100.202403111256/tools/bin/../lib/gcc/arm-none-eabi/12.3.1/thumb/v6-m/nofp\libgcc.a(_udivsi3.o)
 .ARM.attributes
                0x000007da       0x1e F:/ST/STM32CubeIDE_1.1.0/STM32CubeIDE/plugins/com.st.stm32cube.ide.mcu.externaltools.gnu-tools-for-stm32.12.3.rel1.win32_1.0.100.202403111256/tools/bin/../lib/gcc/arm-none-eabi/12.3.1/thumb/v6-m/nofp\libgcc.a(_divsi3.o)
 .ARM.attributes
                0x000007f8       0x1e F:/ST/STM32CubeIDE_1.1.0/STM32CubeIDE/plugins/com.st.stm32cube.ide.mcu.externaltools.gnu-tools-for-stm32.12.3.rel1.win32_1.0.100.202403111256/tools/bin/../lib/gcc/arm-none-eabi/12.3.1/thumb/v6-m/nofp\libgcc.a(_dvmd_tls.o)
 .ARM.attributes
                0x00000816       0x1e F:/ST/STM32CubeIDE_1.1.0/STM32CubeIDE/plugins/com.st.stm32cube.ide.mcu.externaltools.gnu-tools-for-stm32.12.3.rel1.win32_1.0.100.202403111256/tools/bin/../lib/gcc/arm-none-eabi/12.3.1/thumb/v6-m/nofp/crtn.o
OUTPUT(stm32g031f6p6-led-lent-screen-controller.elf elf32-littlearm)
LOAD linker stubs
LOAD F:/ST/STM32CubeIDE_1.1.0/STM32CubeIDE/plugins/com.st.stm32cube.ide.mcu.externaltools.gnu-tools-for-stm32.12.3.rel1.win32_1.0.100.202403111256/tools/bin/../lib/gcc/arm-none-eabi/12.3.1/../../../../arm-none-eabi/lib/thumb/v6-m/nofp\libc.a
LOAD F:/ST/STM32CubeIDE_1.1.0/STM32CubeIDE/plugins/com.st.stm32cube.ide.mcu.externaltools.gnu-tools-for-stm32.12.3.rel1.win32_1.0.100.202403111256/tools/bin/../lib/gcc/arm-none-eabi/12.3.1/../../../../arm-none-eabi/lib/thumb/v6-m/nofp\libm.a
LOAD F:/ST/STM32CubeIDE_1.1.0/STM32CubeIDE/plugins/com.st.stm32cube.ide.mcu.externaltools.gnu-tools-for-stm32.12.3.rel1.win32_1.0.100.202403111256/tools/bin/../lib/gcc/arm-none-eabi/12.3.1/thumb/v6-m/nofp\libgcc.a

.comment        0x00000000       0x43
 .comment       0x00000000       0x43 ./AVI/avi.o
                                 0x44 (size before relaxing)
 .comment       0x00000043       0x44 ./AVI/riff_read_header.o
 .comment       0x00000043       0x44 ./Core/Src/main.o
 .comment       0x00000043       0x44 ./Core/Src/stm32g0xx_it.o
 .comment       0x00000043       0x44 ./Core/Src/sysmem.o
 .comment       0x00000043       0x44 ./Core/Src/system_stm32g0xx.o
 .comment       0x00000043       0x44 ./Display/display.o
 .comment       0x00000043       0x44 ./Display/fonts.o
 .comment       0x00000043       0x44 ./Display/st7789.o
 .comment       0x00000043       0x44 ./Drivers/STM32G0xx_HAL_Driver/Src/stm32g0xx_ll_exti.o
 .comment       0x00000043       0x44 ./Drivers/STM32G0xx_HAL_Driver/Src/stm32g0xx_ll_gpio.o
 .comment       0x00000043       0x44 ./Drivers/STM32G0xx_HAL_Driver/Src/stm32g0xx_ll_spi.o
 .comment       0x00000043       0x44 ./Drivers/STM32G0xx_HAL_Driver/Src/stm32g0xx_ll_tim.o
 .comment       0x00000043       0x44 ./Drivers/STM32G0xx_HAL_Driver/Src/stm32g0xx_ll_utils.o
 .comment       0x00000043       0x44 ./Encoder/encoder.o
 .comment       0x00000043       0x44 ./FATFS/diskio.o
 .comment       0x00000043       0x44 ./FATFS/ff.o
 .comment       0x00000043       0x44 ./FATFS/ffunicode.o
 .comment       0x00000043       0x44 ./FATFS/user_diskio_spi.o
 .comment       0x00000043       0x44 ./FileManager/filemanager.o
 .comment       0x00000043       0x44 ./Keyboard/keyboard.o
 .comment       0x00000043       0x44 ./MyString/mystring.o
 .comment       0x00000043       0x44 ./WS2812B/ws2812b.o

.debug_frame    0x00000000      0x554
 .debug_frame   0x00000000       0x28 F:/ST/STM32CubeIDE_1.1.0/STM32CubeIDE/plugins/com.st.stm32cube.ide.mcu.externaltools.gnu-tools-for-stm32.12.3.rel1.win32_1.0.100.202403111256/tools/bin/../lib/gcc/arm-none-eabi/12.3.1/../../../../arm-none-eabi/lib/thumb/v6-m/nofp\libc_nano.a(libc_a-calloc.o)
 .debug_frame   0x00000028       0x2c F:/ST/STM32CubeIDE_1.1.0/STM32CubeIDE/plugins/com.st.stm32cube.ide.mcu.externaltools.gnu-tools-for-stm32.12.3.rel1.win32_1.0.100.202403111256/tools/bin/../lib/gcc/arm-none-eabi/12.3.1/../../../../arm-none-eabi/lib/thumb/v6-m/nofp\libc_nano.a(libc_a-callocr.o)
 .debug_frame   0x00000054       0x40 F:/ST/STM32CubeIDE_1.1.0/STM32CubeIDE/plugins/com.st.stm32cube.ide.mcu.externaltools.gnu-tools-for-stm32.12.3.rel1.win32_1.0.100.202403111256/tools/bin/../lib/gcc/arm-none-eabi/12.3.1/../../../../arm-none-eabi/lib/thumb/v6-m/nofp\libc_nano.a(libc_a-malloc.o)
 .debug_frame   0x00000094       0x50 F:/ST/STM32CubeIDE_1.1.0/STM32CubeIDE/plugins/com.st.stm32cube.ide.mcu.externaltools.gnu-tools-for-stm32.12.3.rel1.win32_1.0.100.202403111256/tools/bin/../lib/gcc/arm-none-eabi/12.3.1/../../../../arm-none-eabi/lib/thumb/v6-m/nofp\libc_nano.a(libc_a-mallocr.o)
 .debug_frame   0x000000e4       0x40 F:/ST/STM32CubeIDE_1.1.0/STM32CubeIDE/plugins/com.st.stm32cube.ide.mcu.externaltools.gnu-tools-for-stm32.12.3.rel1.win32_1.0.100.202403111256/tools/bin/../lib/gcc/arm-none-eabi/12.3.1/../../../../arm-none-eabi/lib/thumb/v6-m/nofp\libc_nano.a(libc_a-mlock.o)
 .debug_frame   0x00000124       0x28 F:/ST/STM32CubeIDE_1.1.0/STM32CubeIDE/plugins/com.st.stm32cube.ide.mcu.externaltools.gnu-tools-for-stm32.12.3.rel1.win32_1.0.100.202403111256/tools/bin/../lib/gcc/arm-none-eabi/12.3.1/../../../../arm-none-eabi/lib/thumb/v6-m/nofp\libc_nano.a(libc_a-realloc.o)
 .debug_frame   0x0000014c       0x34 F:/ST/STM32CubeIDE_1.1.0/STM32CubeIDE/plugins/com.st.stm32cube.ide.mcu.externaltools.gnu-tools-for-stm32.12.3.rel1.win32_1.0.100.202403111256/tools/bin/../lib/gcc/arm-none-eabi/12.3.1/../../../../arm-none-eabi/lib/thumb/v6-m/nofp\libc_nano.a(libc_a-reallocr.o)
 .debug_frame   0x00000180      0x138 F:/ST/STM32CubeIDE_1.1.0/STM32CubeIDE/plugins/com.st.stm32cube.ide.mcu.externaltools.gnu-tools-for-stm32.12.3.rel1.win32_1.0.100.202403111256/tools/bin/../lib/gcc/arm-none-eabi/12.3.1/../../../../arm-none-eabi/lib/thumb/v6-m/nofp\libc_nano.a(libc_a-findfp.o)
 .debug_frame   0x000002b8       0x2c F:/ST/STM32CubeIDE_1.1.0/STM32CubeIDE/plugins/com.st.stm32cube.ide.mcu.externaltools.gnu-tools-for-stm32.12.3.rel1.win32_1.0.100.202403111256/tools/bin/../lib/gcc/arm-none-eabi/12.3.1/../../../../arm-none-eabi/lib/thumb/v6-m/nofp\libc_nano.a(libc_a-memcmp.o)
 .debug_frame   0x000002e4       0x28 F:/ST/STM32CubeIDE_1.1.0/STM32CubeIDE/plugins/com.st.stm32cube.ide.mcu.externaltools.gnu-tools-for-stm32.12.3.rel1.win32_1.0.100.202403111256/tools/bin/../lib/gcc/arm-none-eabi/12.3.1/../../../../arm-none-eabi/lib/thumb/v6-m/nofp\libc_nano.a(libc_a-memmove.o)
 .debug_frame   0x0000030c       0x20 F:/ST/STM32CubeIDE_1.1.0/STM32CubeIDE/plugins/com.st.stm32cube.ide.mcu.externaltools.gnu-tools-for-stm32.12.3.rel1.win32_1.0.100.202403111256/tools/bin/../lib/gcc/arm-none-eabi/12.3.1/../../../../arm-none-eabi/lib/thumb/v6-m/nofp\libc_nano.a(libc_a-memset.o)
 .debug_frame   0x0000032c       0x20 F:/ST/STM32CubeIDE_1.1.0/STM32CubeIDE/plugins/com.st.stm32cube.ide.mcu.externaltools.gnu-tools-for-stm32.12.3.rel1.win32_1.0.100.202403111256/tools/bin/../lib/gcc/arm-none-eabi/12.3.1/../../../../arm-none-eabi/lib/thumb/v6-m/nofp\libc_nano.a(libc_a-strchr.o)
 .debug_frame   0x0000034c       0x2c F:/ST/STM32CubeIDE_1.1.0/STM32CubeIDE/plugins/com.st.stm32cube.ide.mcu.externaltools.gnu-tools-for-stm32.12.3.rel1.win32_1.0.100.202403111256/tools/bin/../lib/gcc/arm-none-eabi/12.3.1/../../../../arm-none-eabi/lib/thumb/v6-m/nofp\libc_nano.a(libc_a-reent.o)
 .debug_frame   0x00000378       0x2c F:/ST/STM32CubeIDE_1.1.0/STM32CubeIDE/plugins/com.st.stm32cube.ide.mcu.externaltools.gnu-tools-for-stm32.12.3.rel1.win32_1.0.100.202403111256/tools/bin/../lib/gcc/arm-none-eabi/12.3.1/../../../../arm-none-eabi/lib/thumb/v6-m/nofp\libc_nano.a(libc_a-sbrkr.o)
 .debug_frame   0x000003a4       0x20 F:/ST/STM32CubeIDE_1.1.0/STM32CubeIDE/plugins/com.st.stm32cube.ide.mcu.externaltools.gnu-tools-for-stm32.12.3.rel1.win32_1.0.100.202403111256/tools/bin/../lib/gcc/arm-none-eabi/12.3.1/../../../../arm-none-eabi/lib/thumb/v6-m/nofp\libc_nano.a(libc_a-errno.o)
 .debug_frame   0x000003c4       0x2c F:/ST/STM32CubeIDE_1.1.0/STM32CubeIDE/plugins/com.st.stm32cube.ide.mcu.externaltools.gnu-tools-for-stm32.12.3.rel1.win32_1.0.100.202403111256/tools/bin/../lib/gcc/arm-none-eabi/12.3.1/../../../../arm-none-eabi/lib/thumb/v6-m/nofp\libc_nano.a(libc_a-init.o)
 .debug_frame   0x000003f0       0xb0 F:/ST/STM32CubeIDE_1.1.0/STM32CubeIDE/plugins/com.st.stm32cube.ide.mcu.externaltools.gnu-tools-for-stm32.12.3.rel1.win32_1.0.100.202403111256/tools/bin/../lib/gcc/arm-none-eabi/12.3.1/../../../../arm-none-eabi/lib/thumb/v6-m/nofp\libc_nano.a(libc_a-lock.o)
 .debug_frame   0x000004a0       0x28 F:/ST/STM32CubeIDE_1.1.0/STM32CubeIDE/plugins/com.st.stm32cube.ide.mcu.externaltools.gnu-tools-for-stm32.12.3.rel1.win32_1.0.100.202403111256/tools/bin/../lib/gcc/arm-none-eabi/12.3.1/../../../../arm-none-eabi/lib/thumb/v6-m/nofp\libc_nano.a(libc_a-memcpy-stub.o)
 .debug_frame   0x000004c8       0x2c F:/ST/STM32CubeIDE_1.1.0/STM32CubeIDE/plugins/com.st.stm32cube.ide.mcu.externaltools.gnu-tools-for-stm32.12.3.rel1.win32_1.0.100.202403111256/tools/bin/../lib/gcc/arm-none-eabi/12.3.1/../../../../arm-none-eabi/lib/thumb/v6-m/nofp\libc_nano.a(libc_a-freer.o)
 .debug_frame   0x000004f4       0x20 F:/ST/STM32CubeIDE_1.1.0/STM32CubeIDE/plugins/com.st.stm32cube.ide.mcu.externaltools.gnu-tools-for-stm32.12.3.rel1.win32_1.0.100.202403111256/tools/bin/../lib/gcc/arm-none-eabi/12.3.1/../../../../arm-none-eabi/lib/thumb/v6-m/nofp\libc_nano.a(libc_a-msizer.o)
 .debug_frame   0x00000514       0x20 F:/ST/STM32CubeIDE_1.1.0/STM32CubeIDE/plugins/com.st.stm32cube.ide.mcu.externaltools.gnu-tools-for-stm32.12.3.rel1.win32_1.0.100.202403111256/tools/bin/../lib/gcc/arm-none-eabi/12.3.1/thumb/v6-m/nofp\libgcc.a(_udivsi3.o)
 .debug_frame   0x00000534       0x20 F:/ST/STM32CubeIDE_1.1.0/STM32CubeIDE/plugins/com.st.stm32cube.ide.mcu.externaltools.gnu-tools-for-stm32.12.3.rel1.win32_1.0.100.202403111256/tools/bin/../lib/gcc/arm-none-eabi/12.3.1/thumb/v6-m/nofp\libgcc.a(_divsi3.o)
